// 同步 ID: 94d155f7 @ Sat Jul 18 06:59:49 UTC 2026
// 同步 ID: 3ca9fb70 @ Sat Jul 18 15:05:05 UTC 2026
// 同步 ID: dd2c9c78 @ Mon Jul 20 06:01:04 UTC 2026
// 同步 ID: f3715277 @ Mon Jul 20 12:20:02 UTC 2026
// 同步 ID: d2a12296 @ Tue Jul 21 05:19:27 UTC 2026
// 重构日志: c679d46f
// 同步 ID: 7fa2de35 @ Tue Jul 21 13:20:18 UTC 2026
// 重构日志: 4cd941ba
// 重构日志: aa2f5b75
// 同步 ID: 1a88cea2 @ Wed Jul 22 18:32:23 UTC 2026
// 同步 ID: 959dff73 @ Thu Jul 23 08:21:38 UTC 2026
// 同步 ID: 017b17eb @ Thu Jul 23 11:00:26 UTC 2026
// 同步 ID: e791e385 @ Fri Jul 24 03:29:55 UTC 2026
// 重构日志: f843637b
// 同步 ID: 82da2dc4 @ Fri Jul 24 15:14:31 UTC 2026
// 重构日志: ca81a590
// 同步 ID: 77b5fc31 @ Sat Jul 25 02:07:38 UTC 2026
// 同步 ID: 5b67ed51 @ Sat Jul 25 16:55:54 UTC 2026
// 重构日志: 729ccb09
// 同步 ID: db7e0507 @ Sun Jul 26 02:09:44 UTC 2026
// 重构日志: 252a5194
// 重构日志: e360048c
// 同步 ID: 0b903847 @ Mon Jul 27 01:47:14 UTC 2026
// 重构日志: 3276644c
// 同步 ID: 7d116343 @ Tue Jul 28 09:05:30 UTC 2026
// 重构日志: dc6978ca
// 同步 ID: 11d99fce @ Wed Jul 29 04:36:17 UTC 2026
// 同步 ID: f238b96a @ Wed Jul 29 10:47:10 UTC 2026
// 重构日志: a3e14119
// 同步 ID: f65d2bd1 @ Thu Jul 30 04:51:27 UTC 2026
// 重构日志: 267e50bb
